Requirement already satisfied: pip in /home/Student/s4907308/miniconda3/envs/torch/lib/python3.13/site-packages (25.3)
Requirement already satisfied: torch>=2.0.0 in /home/Student/s4907308/miniconda3/envs/torch/lib/python3.13/site-packages (from -r requirements.txt (line 1)) (2.7.1+cu118)
Requirement already satisfied: torchvision>=0.15.0 in /home/Student/s4907308/miniconda3/envs/torch/lib/python3.13/site-packages (from -r requirements.txt (line 2)) (0.22.1+cu118)
Requirement already satisfied: pandas>=1.5.0 in /home/Student/s4907308/miniconda3/envs/torch/lib/python3.13/site-packages (from -r requirements.txt (line 3)) (2.3.3)
Requirement already satisfied: numpy>=1.23.0 in /home/Student/s4907308/miniconda3/envs/torch/lib/python3.13/site-packages (from -r requirements.txt (line 4)) (2.2.6)
Requirement already satisfied: Pillow>=9.0.0 in /home/Student/s4907308/miniconda3/envs/torch/lib/python3.13/site-packages (from -r requirements.txt (line 5)) (11.0.0)
Requirement already satisfied: filelock in /home/Student/s4907308/miniconda3/envs/torch/lib/python3.13/site-packages (from torch>=2.0.0->-r requirements.txt (line 1)) (3.13.1)
Requirement already satisfied: typing-extensions>=4.10.0 in /home/Student/s4907308/miniconda3/envs/torch/lib/python3.13/site-packages (from torch>=2.0.0->-r requirements.txt (line 1)) (4.12.2)
Requirement already satisfied: setuptools in /home/Student/s4907308/miniconda3/envs/torch/lib/python3.13/site-packages (from torch>=2.0.0->-r requirements.txt (line 1)) (78.1.1)
Requirement already satisfied: sympy>=1.13.3 in /home/Student/s4907308/miniconda3/envs/torch/lib/python3.13/site-packages (from torch>=2.0.0->-r requirements.txt (line 1)) (1.13.3)
Requirement already satisfied: networkx in /home/Student/s4907308/miniconda3/envs/torch/lib/python3.13/site-packages (from torch>=2.0.0->-r requirements.txt (line 1)) (3.3)
Requirement already satisfied: jinja2 in /home/Student/s4907308/miniconda3/envs/torch/lib/python3.13/site-packages (from torch>=2.0.0->-r requirements.txt (line 1)) (3.1.4)
Requirement already satisfied: fsspec in /home/Student/s4907308/miniconda3/envs/torch/lib/python3.13/site-packages (from torch>=2.0.0->-r requirements.txt (line 1)) (2024.6.1)
Requirement already satisfied: nvidia-cuda-nvrtc-cu11==11.8.89 in /home/Student/s4907308/miniconda3/envs/torch/lib/python3.13/site-packages (from torch>=2.0.0->-r requirements.txt (line 1)) (11.8.89)
Requirement already satisfied: nvidia-cuda-runtime-cu11==11.8.89 in /home/Student/s4907308/miniconda3/envs/torch/lib/python3.13/site-packages (from torch>=2.0.0->-r requirements.txt (line 1)) (11.8.89)
Requirement already satisfied: nvidia-cuda-cupti-cu11==11.8.87 in /home/Student/s4907308/miniconda3/envs/torch/lib/python3.13/site-packages (from torch>=2.0.0->-r requirements.txt (line 1)) (11.8.87)
Requirement already satisfied: nvidia-cudnn-cu11==9.1.0.70 in /home/Student/s4907308/miniconda3/envs/torch/lib/python3.13/site-packages (from torch>=2.0.0->-r requirements.txt (line 1)) (9.1.0.70)
Requirement already satisfied: nvidia-cublas-cu11==11.11.3.6 in /home/Student/s4907308/miniconda3/envs/torch/lib/python3.13/site-packages (from torch>=2.0.0->-r requirements.txt (line 1)) (11.11.3.6)
Requirement already satisfied: nvidia-cufft-cu11==10.9.0.58 in /home/Student/s4907308/miniconda3/envs/torch/lib/python3.13/site-packages (from torch>=2.0.0->-r requirements.txt (line 1)) (10.9.0.58)
Requirement already satisfied: nvidia-curand-cu11==10.3.0.86 in /home/Student/s4907308/miniconda3/envs/torch/lib/python3.13/site-packages (from torch>=2.0.0->-r requirements.txt (line 1)) (10.3.0.86)
Requirement already satisfied: nvidia-cusolver-cu11==11.4.1.48 in /home/Student/s4907308/miniconda3/envs/torch/lib/python3.13/site-packages (from torch>=2.0.0->-r requirements.txt (line 1)) (11.4.1.48)
Requirement already satisfied: nvidia-cusparse-cu11==11.7.5.86 in /home/Student/s4907308/miniconda3/envs/torch/lib/python3.13/site-packages (from torch>=2.0.0->-r requirements.txt (line 1)) (11.7.5.86)
Requirement already satisfied: nvidia-nccl-cu11==2.21.5 in /home/Student/s4907308/miniconda3/envs/torch/lib/python3.13/site-packages (from torch>=2.0.0->-r requirements.txt (line 1)) (2.21.5)
Requirement already satisfied: nvidia-nvtx-cu11==11.8.86 in /home/Student/s4907308/miniconda3/envs/torch/lib/python3.13/site-packages (from torch>=2.0.0->-r requirements.txt (line 1)) (11.8.86)
Requirement already satisfied: triton==3.3.1 in /home/Student/s4907308/miniconda3/envs/torch/lib/python3.13/site-packages (from torch>=2.0.0->-r requirements.txt (line 1)) (3.3.1)
Requirement already satisfied: python-dateutil>=2.8.2 in /home/Student/s4907308/miniconda3/envs/torch/lib/python3.13/site-packages (from pandas>=1.5.0->-r requirements.txt (line 3)) (2.9.0.post0)
Requirement already satisfied: pytz>=2020.1 in /home/Student/s4907308/miniconda3/envs/torch/lib/python3.13/site-packages (from pandas>=1.5.0->-r requirements.txt (line 3)) (2025.2)
Requirement already satisfied: tzdata>=2022.7 in /home/Student/s4907308/miniconda3/envs/torch/lib/python3.13/site-packages (from pandas>=1.5.0->-r requirements.txt (line 3)) (2025.2)
Requirement already satisfied: six>=1.5 in /home/Student/s4907308/miniconda3/envs/torch/lib/python3.13/site-packages (from python-dateutil>=2.8.2->pandas>=1.5.0->-r requirements.txt (line 3)) (1.17.0)
Requirement already satisfied: mpmath<1.4,>=1.1.0 in /home/Student/s4907308/miniconda3/envs/torch/lib/python3.13/site-packages (from sympy>=1.13.3->torch>=2.0.0->-r requirements.txt (line 1)) (1.3.0)
Requirement already satisfied: MarkupSafe>=2.0 in /home/Student/s4907308/miniconda3/envs/torch/lib/python3.13/site-packages (from jinja2->torch>=2.0.0->-r requirements.txt (line 1)) (3.0.2)

======================================================================
 FINAL TEST SET EVALUATION - UNBIASED PERFORMANCE
======================================================================
  The test set has NEVER been used during training/tuning
======================================================================

Using device: cuda

Loading trained model...
Model loaded from best_model.pth
Validation accuracy: 0.8127
Epoch: 13

Loading test data...
Total images in metadata: 33126
Benign: 32542, Malignant: 584

Data splits:
  Train: 408 benign, 408 malignant (Total: 816)
  Val:   88 benign, 88 malignant (Total: 176)
  Test:  88 benign, 88 malignant (Total: 176)
Test set size: 176 images
  - Benign: 88
  - Malignant: 88

======================================================================
 EVALUATING ON TEST SET (FINAL UNBIASED PERFORMANCE)
======================================================================
Evaluating model on test set...

======================================================================
 TEST SET RESULTS (FINAL PERFORMANCE)
======================================================================

 Overall Test Accuracy: 0.8100 (81.00%)

 Classification Report:
              precision    recall  f1-score   support

      Benign     0.8406    0.7608    0.7987      1982
   Malignant     0.7851    0.8583    0.8201      2018

    accuracy                         0.8100      4000
   macro avg     0.8129    0.8096    0.8094      4000
weighted avg     0.8126    0.8100    0.8095      4000


?? Comprehensive test results saved to results/test_results_comprehensive.png
======================================================================


======================================================================
 Single Image Prediction Example
======================================================================
Image: train-image/image/ISIC_1482167.jpg
Predicted: Malignant
Confidence: 0.9582 (95.82%)
======================================================================

======================================================================
 TEST SET EVALUATION COMPLETE
======================================================================
 Final Test Accuracy: 0.8100 (81.00%)
 All results saved to 'results/' directory
======================================================================

